﻿
> domain-ssl-manager@0.1.0 build
> vite build

[36mvite v5.4.21 [32mbuilding for production...[36m[39m
transforming...
[32m✓[39m 21 modules transformed.

PWA v0.17.5
mode      generateSW
precache  5 entries (162.74 KiB)
files generated
  dist\sw.js
  dist\workbox-8c29f6e4.js
node.exe : [31mx[39m Build failed in 6.48s
At line:1 char:1
+ & "C:\nvm4w\nodejs/node.exe" "C:\nvm4w\nodejs/node_modules/npm/bin/np ...
+ ~~~~~~~~~~~~~~~~~~~~~~~~~~~~~~~~~~~~~~~~~~~~~~~~~~~~~~~~~~~~~~~~~~~~~
    + CategoryInfo          : NotSpecified: ([31mx[39m Build failed in 6.48s:Str 
   ing) [], RemoteException
    + FullyQualifiedErrorId : NativeCommandError
 
[31merror during build:
[31m[vite-plugin-pwa:build] [plugin vite-plugin-pwa:build] src/components/domains/
SentinelAudit.vue: There was an error during the build:
  Could not resolve "./ScoreGauge.vue" from "src/components/domains/SentinelAudit.v
ue"
Additionally, handling the error in the 'buildEnd' hook caused the following error:
  Could not resolve "./ScoreGauge.vue" from "src/components/domains/SentinelAudit.v
ue"[31m
file: [36mC:/Users/42195/Desktop/api-centrum-antiigravity/frontend/src/components/
domains/SentinelAudit.vue[31m
    at getRollupError (file:///C:/Users/42195/Desktop/api-centrum-antiigravity/fron
tend/node_modules/rollup/dist/es/shared/parseAst.js:402:41)
    at file:///C:/Users/42195/Desktop/api-centrum-antiigravity/frontend/node_module
s/rollup/dist/es/shared/node-entry.js:23467:39
    at async catchUnfinishedHookActions (file:///C:/Users/42195/Desktop/api-centrum
-antiigravity/frontend/node_modules/rollup/dist/es/shared/node-entry.js:22925:16)
    at async rollupInternal (file:///C:/Users/42195/Desktop/api-centrum-antiigravit
y/frontend/node_modules/rollup/dist/es/shared/node-entry.js:23450:5)
    at async build (file:///C:/Users/42195/Desktop/api-centrum-antiigravity/fronten
d/node_modules/vite/dist/node/chunks/dep-BK3b2jBa.js:65709:14)
    at async CAC.<anonymous> (file:///C:/Users/42195/Desktop/api-centrum-antiigravi
ty/frontend/node_modules/vite/dist/node/cli.js:829:5)[39m
